2025-09-25 21:21:51 - INFO - id=0.1Get_mirreps失败-HTTPSConnectionPool(host='www.cryst.ehu.es', port=443): Read timed out.
2025-09-25 21:22:11 - INFO - id=0.34Get_mirreps失败-HTTPSConnectionPool(host='www.cryst.ehu.es', port=443): Read timed out.
2025-09-25 21:25:00 - ERROR - id=0.127未找到目标表格，请检查HTML结构或XPath
2025-09-25 21:25:00 - INFO - id=0.127保存数据库失败-3
2025-09-25 21:45:40 - INFO - id=0.1Get_mirreps失败-HTTPSConnectionPool(host='www.cryst.ehu.es', port=443): Read timed out.
2025-09-25 21:46:02 - ERROR - id=0.127未找到目标表格，请检查HTML结构或XPath
2025-09-25 21:46:02 - INFO - id=0.127保存数据库失败-3
2025-09-25 21:46:40 - INFO - id=0.106Get_mirreps失败-HTTPSConnectionPool(host='www.cryst.ehu.es', port=443): Read timed out.
2025-09-25 21:46:45 - INFO - id=0.107Get_mirreps失败-HTTPSConnectionPool(host='www.cryst.ehu.es', port=443): Read timed out.
2025-09-25 21:46:52 - INFO - id=0.127Get_mirreps失败-HTTPSConnectionPool(host='www.cryst.ehu.es', port=443): Read timed out.
2025-09-25 21:47:21 - INFO - id=0.149Get_mirreps失败-HTTPSConnectionPool(host='www.cryst.ehu.es', port=443): Read timed out.
2025-09-25 21:47:45 - ERROR - id=0.189未找到目标表格，请检查HTML结构或XPath
2025-09-25 21:47:55 - INFO - id=0.173Get_mirreps失败-HTTPSConnectionPool(host='www.cryst.ehu.es', port=443): Read timed out.
2025-09-25 21:47:57 - INFO - id=0.171Get_mirreps失败-HTTPSConnectionPool(host='www.cryst.ehu.es', port=443): Read timed out.
2025-09-25 21:48:03 - ERROR - id=0.224未找到目标表格，请检查HTML结构或XPath
2025-09-25 21:48:03 - INFO - id=0.224保存数据库失败-3
2025-09-25 21:48:09 - ERROR - id=0.225未找到目标表格，请检查HTML结构或XPath
2025-09-25 21:48:09 - INFO - id=0.225保存数据库失败-3
2025-09-25 21:48:10 - ERROR - id=0.226未找到目标表格，请检查HTML结构或XPath
2025-09-25 21:48:10 - INFO - id=0.226保存数据库失败-3
2025-09-25 21:48:14 - ERROR - id=0.227未找到目标表格，请检查HTML结构或XPath
2025-09-25 21:48:14 - INFO - id=0.227保存数据库失败-3
2025-09-25 21:48:15 - ERROR - id=0.228未找到目标表格，请检查HTML结构或XPath
2025-09-25 21:48:15 - INFO - id=0.228保存数据库失败-3
2025-09-25 21:48:23 - INFO - id=0.187Get_mirreps失败-HTTPSConnectionPool(host='www.cryst.ehu.es', port=443): Read timed out.
2025-09-25 21:48:53 - INFO - id=0.226Get_mirreps失败-HTTPSConnectionPool(host='www.cryst.ehu.es', port=443): Read timed out.
2025-09-25 21:49:19 - INFO - id=0.234Get_mirreps失败-HTTPSConnectionPool(host='www.cryst.ehu.es', port=443): Read timed out.
2025-09-25 21:49:20 - INFO - id=0.238Get_mirreps失败-HTTPSConnectionPool(host='www.cryst.ehu.es', port=443): Read timed out.
2025-09-25 21:49:25 - ERROR - id=0.268未找到目标表格，请检查HTML结构或XPath
2025-09-25 21:49:25 - INFO - id=0.268保存数据库失败-3
2025-09-25 21:49:26 - ERROR - id=0.269未找到目标表格，请检查HTML结构或XPath
2025-09-25 21:49:26 - INFO - id=0.269保存数据库失败-3
2025-09-25 21:49:26 - ERROR - id=0.270未找到目标表格，请检查HTML结构或XPath
2025-09-25 21:49:26 - INFO - id=0.270保存数据库失败-3
2025-09-25 21:49:32 - ERROR - id=0.271未找到目标表格，请检查HTML结构或XPath
2025-09-25 21:49:32 - INFO - id=0.271保存数据库失败-3
2025-09-25 21:49:43 - INFO - id=0.249Get_mirreps失败-HTTPSConnectionPool(host='www.cryst.ehu.es', port=443): Read timed out.
2025-09-25 21:50:09 - INFO - id=0.270Get_mirreps失败-HTTPSConnectionPool(host='www.cryst.ehu.es', port=443): Read timed out.
2025-09-25 21:50:18 - INFO - id=0.272Get_mirreps失败-HTTPSConnectionPool(host='www.cryst.ehu.es', port=443): Read timed out.
2025-09-25 21:50:18 - INFO - id=0.271Get_mirreps失败-HTTPSConnectionPool(host='www.cryst.ehu.es', port=443): Read timed out.
2025-09-25 21:51:14 - INFO - id=0.318Get_mirreps失败-HTTPSConnectionPool(host='www.cryst.ehu.es', port=443): Read timed out.
2025-09-25 21:51:27 - INFO - id=0.330Get_mirreps失败-HTTPSConnectionPool(host='www.cryst.ehu.es', port=443): Read timed out.
2025-09-25 21:51:46 - INFO - id=0.341Get_mirreps失败-HTTPSConnectionPool(host='www.cryst.ehu.es', port=443): Read timed out.
2025-09-25 21:51:51 - INFO - id=0.340Get_mirreps失败-HTTPSConnectionPool(host='www.cryst.ehu.es', port=443): Read timed out.
2025-09-25 21:52:17 - ERROR - id=0.403未找到目标表格，请检查HTML结构或XPath
2025-09-25 21:52:17 - INFO - id=0.403保存数据库失败-3
2025-09-25 21:52:28 - ERROR - id=0.409未找到目标表格，请检查HTML结构或XPath
2025-09-25 21:52:28 - INFO - id=0.409保存数据库失败-3
2025-09-25 21:53:00 - INFO - id=0.380Get_mirreps失败-HTTPSConnectionPool(host='www.cryst.ehu.es', port=443): Read timed out.
2025-09-25 21:53:23 - INFO - id=0.412Get_mirreps失败-HTTPSConnectionPool(host='www.cryst.ehu.es', port=443): Read timed out.
2025-09-25 21:53:29 - INFO - id=0.417Get_mirreps失败-HTTPSConnectionPool(host='www.cryst.ehu.es', port=443): Read timed out.
2025-09-25 21:53:43 - INFO - id=0.421Get_mirreps失败-HTTPSConnectionPool(host='www.cryst.ehu.es', port=443): Read timed out.
2025-09-25 21:53:50 - INFO - id=0.422Get_mirreps失败-HTTPSConnectionPool(host='www.cryst.ehu.es', port=443): Read timed out.
2025-09-25 21:53:54 - INFO - id=0.423Get_mirreps失败-HTTPSConnectionPool(host='www.cryst.ehu.es', port=443): Read timed out.
2025-09-25 21:54:18 - INFO - id=0.426Get_mirreps失败-HTTPSConnectionPool(host='www.cryst.ehu.es', port=443): Read timed out.
2025-09-25 21:54:23 - INFO - id=0.427Get_mirreps失败-HTTPSConnectionPool(host='www.cryst.ehu.es', port=443): Read timed out.
2025-09-25 21:54:58 - INFO - id=0.448Get_mirreps失败-HTTPSConnectionPool(host='www.cryst.ehu.es', port=443): Read timed out.
2025-09-25 21:55:38 - INFO - id=0.473Get_mirreps失败-HTTPSConnectionPool(host='www.cryst.ehu.es', port=443): Read timed out.
2025-09-25 21:55:45 - INFO - id=0.475Get_mirreps失败-HTTPSConnectionPool(host='www.cryst.ehu.es', port=443): Read timed out.
2025-09-25 21:56:29 - INFO - id=0.495Get_mirreps失败-HTTPSConnectionPool(host='www.cryst.ehu.es', port=443): Read timed out.
2025-09-25 21:56:33 - INFO - id=0.496Get_mirreps失败-HTTPSConnectionPool(host='www.cryst.ehu.es', port=443): Read timed out.
2025-09-25 21:56:38 - INFO - id=0.498Get_mirreps失败-HTTPSConnectionPool(host='www.cryst.ehu.es', port=443): Read timed out.
2025-09-25 21:57:50 - INFO - id=0.547Get_mirreps失败-HTTPSConnectionPool(host='www.cryst.ehu.es', port=443): Read timed out.
2025-09-25 21:57:52 - INFO - id=0.544Get_mirreps失败-HTTPSConnectionPool(host='www.cryst.ehu.es', port=443): Read timed out.
2025-09-25 21:58:02 - INFO - id=0.555Get_mirreps失败-HTTPSConnectionPool(host='www.cryst.ehu.es', port=443): Read timed out.
2025-09-25 21:58:15 - INFO - id=0.557Get_mirreps失败-HTTPSConnectionPool(host='www.cryst.ehu.es', port=443): Read timed out.
2025-09-25 21:58:36 - INFO - id=0.559Get_mirreps失败-HTTPSConnectionPool(host='www.cryst.ehu.es', port=443): Read timed out.
2025-09-25 21:58:53 - INFO - id=0.562Get_mirreps失败-HTTPSConnectionPool(host='www.cryst.ehu.es', port=443): Read timed out.
2025-09-25 21:58:56 - INFO - id=0.563Get_mirreps失败-HTTPSConnectionPool(host='www.cryst.ehu.es', port=443): Read timed out.
2025-09-25 21:59:23 - INFO - id=0.585Get_mirreps失败-HTTPSConnectionPool(host='www.cryst.ehu.es', port=443): Read timed out.
2025-09-25 21:59:57 - INFO - id=0.616Get_mirreps失败-HTTPSConnectionPool(host='www.cryst.ehu.es', port=443): Read timed out.
2025-09-25 22:00:13 - INFO - id=0.622Get_mirreps失败-HTTPSConnectionPool(host='www.cryst.ehu.es', port=443): Read timed out.
2025-09-25 22:00:47 - INFO - id=0.650Get_mirreps失败-HTTPSConnectionPool(host='www.cryst.ehu.es', port=443): Read timed out.
2025-09-25 22:01:15 - INFO - id=0.659Get_mirreps失败-HTTPSConnectionPool(host='www.cryst.ehu.es', port=443): Read timed out.
2025-09-25 22:01:21 - INFO - id=0.665Get_mirreps失败-HTTPSConnectionPool(host='www.cryst.ehu.es', port=443): Read timed out.
2025-09-25 22:01:27 - INFO - id=0.667Get_mirreps失败-HTTPSConnectionPool(host='www.cryst.ehu.es', port=443): Read timed out.
2025-09-25 22:02:10 - INFO - id=0.677Get_mirreps失败-HTTPSConnectionPool(host='www.cryst.ehu.es', port=443): Read timed out.
2025-09-25 22:02:17 - INFO - id=0.678Get_mirreps失败-HTTPSConnectionPool(host='www.cryst.ehu.es', port=443): Read timed out.
2025-09-25 22:02:26 - INFO - id=0.685Get_mirreps失败-HTTPSConnectionPool(host='www.cryst.ehu.es', port=443): Read timed out.
2025-09-25 22:03:10 - INFO - id=0.700Get_mirreps失败-HTTPSConnectionPool(host='www.cryst.ehu.es', port=443): Read timed out.
2025-09-25 22:03:31 - INFO - id=0.715Get_mirreps失败-HTTPSConnectionPool(host='www.cryst.ehu.es', port=443): Read timed out.
2025-09-25 22:03:33 - INFO - id=0.717Get_mirreps失败-HTTPSConnectionPool(host='www.cryst.ehu.es', port=443): Read timed out.
2025-09-25 22:03:43 - INFO - id=0.719Get_mirreps失败-HTTPSConnectionPool(host='www.cryst.ehu.es', port=443): Read timed out.
2025-09-25 22:04:14 - INFO - id=0.727Get_mirreps失败-HTTPSConnectionPool(host='www.cryst.ehu.es', port=443): Read timed out.
2025-09-25 22:04:22 - INFO - id=0.729Get_mirreps失败-HTTPSConnectionPool(host='www.cryst.ehu.es', port=443): Read timed out.
2025-09-25 22:04:30 - INFO - id=0.736Get_mirreps失败-HTTPSConnectionPool(host='www.cryst.ehu.es', port=443): Read timed out.
2025-09-25 22:04:31 - INFO - id=0.737Get_mirreps失败-HTTPSConnectionPool(host='www.cryst.ehu.es', port=443): Read timed out.
2025-09-25 22:04:32 - INFO - id=0.735Get_mirreps失败-HTTPSConnectionPool(host='www.cryst.ehu.es', port=443): Read timed out.
2025-09-25 22:05:11 - INFO - id=0.739Get_mirreps失败-HTTPSConnectionPool(host='www.cryst.ehu.es', port=443): Read timed out.
2025-09-25 22:05:59 - INFO - id=0.764Get_mirreps失败-HTTPSConnectionPool(host='www.cryst.ehu.es', port=443): Read timed out.
2025-09-25 22:06:01 - INFO - id=0.765Get_mirreps失败-HTTPSConnectionPool(host='www.cryst.ehu.es', port=443): Read timed out.
2025-09-25 22:07:39 - INFO - id=0.839Get_mirreps失败-HTTPSConnectionPool(host='www.cryst.ehu.es', port=443): Read timed out.
2025-09-25 22:07:43 - ERROR - id=0.856未找到目标表格，请检查HTML结构或XPath
2025-09-25 22:07:43 - INFO - id=0.856保存数据库失败-3
2025-09-25 22:07:46 - ERROR - id=0.857未找到目标表格，请检查HTML结构或XPath
2025-09-25 22:07:46 - INFO - id=0.857保存数据库失败-3
2025-09-25 22:07:48 - INFO - id=0.848Get_mirreps失败-HTTPSConnectionPool(host='www.cryst.ehu.es', port=443): Read timed out.
2025-09-25 22:07:48 - INFO - id=0.841Get_mirreps失败-HTTPSConnectionPool(host='www.cryst.ehu.es', port=443): Read timed out.
2025-09-25 22:07:50 - ERROR - id=0.858未找到目标表格，请检查HTML结构或XPath
2025-09-25 22:07:50 - INFO - id=0.858保存数据库失败-3
2025-09-25 22:08:55 - INFO - id=0.870Get_mirreps失败-HTTPSConnectionPool(host='www.cryst.ehu.es', port=443): Read timed out.
2025-09-25 22:09:00 - INFO - id=0.871Get_mirreps失败-HTTPSConnectionPool(host='www.cryst.ehu.es', port=443): Read timed out.
2025-09-25 22:09:05 - INFO - id=0.872Get_mirreps失败-HTTPSConnectionPool(host='www.cryst.ehu.es', port=443): Read timed out.
2025-09-25 22:09:52 - INFO - id=0.897Get_mirreps失败-HTTPSConnectionPool(host='www.cryst.ehu.es', port=443): Read timed out.
2025-09-25 22:10:04 - INFO - id=0.905Get_mirreps失败-HTTPSConnectionPool(host='www.cryst.ehu.es', port=443): Read timed out.
2025-09-25 22:10:26 - INFO - id=0.912Get_mirreps失败-HTTPSConnectionPool(host='www.cryst.ehu.es', port=443): Read timed out.
2025-09-25 22:10:34 - INFO - id=0.914Get_mirreps失败-HTTPSConnectionPool(host='www.cryst.ehu.es', port=443): Read timed out.
2025-09-25 22:11:09 - INFO - id=0.930Get_mirreps失败-HTTPSConnectionPool(host='www.cryst.ehu.es', port=443): Read timed out.
2025-09-25 22:11:18 - INFO - id=0.932Get_mirreps失败-HTTPSConnectionPool(host='www.cryst.ehu.es', port=443): Read timed out.
2025-09-25 22:11:35 - INFO - id=0.945Get_mirreps失败-HTTPSConnectionPool(host='www.cryst.ehu.es', port=443): Read timed out.
2025-09-25 22:12:02 - INFO - id=0.970Get_mirreps失败-HTTPSConnectionPool(host='www.cryst.ehu.es', port=443): Read timed out.
2025-09-25 22:12:25 - INFO - id=0.976Get_mirreps失败-HTTPSConnectionPool(host='www.cryst.ehu.es', port=443): Read timed out.
2025-09-25 22:12:28 - INFO - id=0.977Get_mirreps失败-HTTPSConnectionPool(host='www.cryst.ehu.es', port=443): Read timed out.
2025-09-25 22:12:54 - INFO - id=0.982Get_mirreps失败-HTTPSConnectionPool(host='www.cryst.ehu.es', port=443): Read timed out.
2025-09-25 22:13:08 - INFO - id=0.1021Get_mirreps失败-list index out of range
2025-09-25 22:13:11 - INFO - id=0.1022Get_mirreps失败-list index out of range
2025-09-25 22:13:16 - INFO - id=0.991Get_mirreps失败-HTTPSConnectionPool(host='www.cryst.ehu.es', port=443): Read timed out.
2025-09-25 22:13:19 - INFO - id=0.992Get_mirreps失败-HTTPSConnectionPool(host='www.cryst.ehu.es', port=443): Read timed out.
2025-09-25 22:13:55 - INFO - id=0.1025Get_mirreps失败-HTTPSConnectionPool(host='www.cryst.ehu.es', port=443): Read timed out.
2025-09-25 22:14:01 - INFO - id=0.1029Get_mirreps失败-HTTPSConnectionPool(host='www.cryst.ehu.es', port=443): Read timed out.
2025-09-25 22:14:07 - INFO - id=0.1031Get_mirreps失败-HTTPSConnectionPool(host='www.cryst.ehu.es', port=443): Read timed out.
2025-09-25 22:14:07 - INFO - id=0.1030Get_mirreps失败-HTTPSConnectionPool(host='www.cryst.ehu.es', port=443): Read timed out.
2025-09-25 22:14:18 - INFO - id=0.1037Get_mirreps失败-HTTPSConnectionPool(host='www.cryst.ehu.es', port=443): Read timed out.
2025-09-25 22:15:06 - INFO - id=0.1047Get_mirreps失败-HTTPSConnectionPool(host='www.cryst.ehu.es', port=443): Read timed out.
2025-09-25 22:15:07 - INFO - id=0.1045Get_mirreps失败-HTTPSConnectionPool(host='www.cryst.ehu.es', port=443): Read timed out.
2025-09-25 22:15:41 - INFO - id=0.1085Get_mirreps失败-HTTPSConnectionPool(host='www.cryst.ehu.es', port=443): Read timed out.
2025-09-25 22:16:00 - INFO - id=0.1091Get_mirreps失败-HTTPSConnectionPool(host='www.cryst.ehu.es', port=443): Read timed out.
2025-09-25 22:16:01 - INFO - id=0.1094Get_mirreps失败-HTTPSConnectionPool(host='www.cryst.ehu.es', port=443): Read timed out.
2025-09-25 22:16:22 - INFO - id=0.1098Get_mirreps失败-HTTPSConnectionPool(host='www.cryst.ehu.es', port=443): Read timed out.
2025-09-25 22:16:51 - INFO - id=0.1109Get_mirreps失败-HTTPSConnectionPool(host='www.cryst.ehu.es', port=443): Read timed out.
2025-09-25 22:16:53 - INFO - id=0.1108Get_mirreps失败-HTTPSConnectionPool(host='www.cryst.ehu.es', port=443): Read timed out.
2025-09-25 22:17:09 - INFO - id=0.1122Get_mirreps失败-HTTPSConnectionPool(host='www.cryst.ehu.es', port=443): Read timed out.
2025-09-25 22:17:15 - INFO - id=0.1121Get_mirreps失败-HTTPSConnectionPool(host='www.cryst.ehu.es', port=443): Read timed out.
2025-09-25 22:17:29 - INFO - id=1.0.11Get_mirreps失败-HTTPSConnectionPool(host='www.cryst.ehu.es', port=443): Read timed out.
2025-09-25 22:18:06 - ERROR - id=1.4未找到目标表格，请检查HTML结构或XPath
2025-09-25 22:18:06 - INFO - id=1.4保存数据库失败-3
2025-09-25 22:18:07 - INFO - id=1.0.32Get_mirreps失败-HTTPSConnectionPool(host='www.cryst.ehu.es', port=443): Read timed out.
2025-09-25 22:18:12 - ERROR - id=1.5未找到目标表格，请检查HTML结构或XPath
2025-09-25 22:18:12 - INFO - id=1.5保存数据库失败-3
2025-09-25 22:18:24 - INFO - id=1.0.52Get_mirreps失败-HTTPSConnectionPool(host='www.cryst.ehu.es', port=443): Read timed out.
2025-09-25 22:18:34 - INFO - id=1.0.54Get_mirreps失败-HTTPSConnectionPool(host='www.cryst.ehu.es', port=443): Read timed out.
2025-09-25 22:18:41 - INFO - id=1.0.57Get_mirreps失败-HTTPSConnectionPool(host='www.cryst.ehu.es', port=443): Read timed out.
2025-09-25 22:19:18 - INFO - id=1.15Get_mirreps失败-HTTPSConnectionPool(host='www.cryst.ehu.es', port=443): Read timed out.
2025-09-25 22:20:08 - INFO - id=1.45Get_mirreps失败-HTTPSConnectionPool(host='www.cryst.ehu.es', port=443): Read timed out.
2025-09-25 22:20:27 - INFO - id=1.59Get_mirreps失败-HTTPSConnectionPool(host='www.cryst.ehu.es', port=443): Read timed out.
2025-09-25 22:20:43 - INFO - id=1.76Get_mirreps失败-HTTPSConnectionPool(host='www.cryst.ehu.es', port=443): Read timed out.
2025-09-25 22:20:44 - INFO - id=1.81Get_mirreps失败-HTTPSConnectionPool(host='www.cryst.ehu.es', port=443): Read timed out.
2025-09-25 22:20:56 - INFO - id=1.82Get_mirreps失败-HTTPSConnectionPool(host='www.cryst.ehu.es', port=443): Read timed out.
2025-09-25 22:21:33 - INFO - id=1.94Get_mirreps失败-HTTPSConnectionPool(host='www.cryst.ehu.es', port=443): Read timed out.
2025-09-25 22:21:42 - INFO - id=1.98Get_mirreps失败-HTTPSConnectionPool(host='www.cryst.ehu.es', port=443): Read timed out.
2025-09-25 22:21:56 - INFO - id=1.107Get_mirreps失败-HTTPSConnectionPool(host='www.cryst.ehu.es', port=443): Read timed out.
2025-09-25 22:23:22 - INFO - id=1.174Get_mirreps失败-HTTPSConnectionPool(host='www.cryst.ehu.es', port=443): Read timed out.
2025-09-25 22:23:37 - INFO - id=1.188Get_mirreps失败-HTTPSConnectionPool(host='www.cryst.ehu.es', port=443): Read timed out.
2025-09-25 22:23:53 - INFO - id=1.205Get_mirreps失败-HTTPSConnectionPool(host='www.cryst.ehu.es', port=443): Read timed out.
2025-09-25 22:23:54 - INFO - id=1.195Get_mirreps失败-HTTPSConnectionPool(host='www.cryst.ehu.es', port=443): Read timed out.
2025-09-25 22:25:17 - ERROR - id=1.299未找到目标表格，请检查HTML结构或XPath
2025-09-25 22:25:17 - INFO - id=1.299保存数据库失败-3
2025-09-25 22:25:17 - ERROR - id=1.300未找到目标表格，请检查HTML结构或XPath
2025-09-25 22:25:17 - INFO - id=1.300保存数据库失败-3
2025-09-25 22:25:37 - INFO - id=1.290Get_mirreps失败-HTTPSConnectionPool(host='www.cryst.ehu.es', port=443): Read timed out.
2025-09-25 22:25:56 - INFO - id=1.295Get_mirreps失败-HTTPSConnectionPool(host='www.cryst.ehu.es', port=443): Read timed out.
2025-09-25 22:26:05 - INFO - id=1.299Get_mirreps失败-HTTPSConnectionPool(host='www.cryst.ehu.es', port=443): Read timed out.
2025-09-25 22:26:37 - INFO - id=1.326Get_mirreps失败-HTTPSConnectionPool(host='www.cryst.ehu.es', port=443): Read timed out.
2025-09-25 22:26:42 - INFO - id=1.327Get_mirreps失败-HTTPSConnectionPool(host='www.cryst.ehu.es', port=443): Read timed out.
2025-09-25 22:27:13 - INFO - id=1.340Get_mirreps失败-HTTPSConnectionPool(host='www.cryst.ehu.es', port=443): Read timed out.
2025-09-25 22:27:40 - INFO - id=1.358Get_mirreps失败-HTTPSConnectionPool(host='www.cryst.ehu.es', port=443): Read timed out.
2025-09-25 22:27:50 - INFO - id=1.361Get_mirreps失败-HTTPSConnectionPool(host='www.cryst.ehu.es', port=443): Read timed out.
2025-09-25 22:27:52 - INFO - id=1.360Get_mirreps失败-HTTPSConnectionPool(host='www.cryst.ehu.es', port=443): Read timed out.
2025-09-25 22:28:06 - INFO - id=1.364Get_mirreps失败-HTTPSConnectionPool(host='www.cryst.ehu.es', port=443): Read timed out.
2025-09-25 22:28:41 - INFO - id=1.371Get_mirreps失败-HTTPSConnectionPool(host='www.cryst.ehu.es', port=443): Read timed out.
2025-09-25 22:29:15 - INFO - id=1.401Get_mirreps失败-HTTPSConnectionPool(host='www.cryst.ehu.es', port=443): Read timed out.
2025-09-25 22:29:28 - INFO - id=1.403Get_mirreps失败-HTTPSConnectionPool(host='www.cryst.ehu.es', port=443): Read timed out.
2025-09-25 22:30:21 - INFO - id=1.443Get_mirreps失败-HTTPSConnectionPool(host='www.cryst.ehu.es', port=443): Read timed out.
2025-09-25 22:30:32 - INFO - id=1.446Get_mirreps失败-HTTPSConnectionPool(host='www.cryst.ehu.es', port=443): Read timed out.
2025-09-25 22:31:19 - INFO - id=1.483Get_mirreps失败-HTTPSConnectionPool(host='www.cryst.ehu.es', port=443): Read timed out.
2025-09-25 22:32:08 - INFO - id=1.506Get_mirreps失败-HTTPSConnectionPool(host='www.cryst.ehu.es', port=443): Read timed out.
2025-09-25 22:33:16 - INFO - id=1.571Get_mirreps失败-HTTPSConnectionPool(host='www.cryst.ehu.es', port=443): Read timed out.
2025-09-25 22:33:19 - INFO - id=1.575Get_mirreps失败-HTTPSConnectionPool(host='www.cryst.ehu.es', port=443): Read timed out.
2025-09-25 22:33:25 - INFO - id=1.577Get_mirreps失败-HTTPSConnectionPool(host='www.cryst.ehu.es', port=443): Read timed out.
2025-09-25 22:33:38 - INFO - id=1.584Get_mirreps失败-HTTPSConnectionPool(host='www.cryst.ehu.es', port=443): Read timed out.
2025-09-25 22:33:59 - INFO - id=1.586Get_mirreps失败-HTTPSConnectionPool(host='www.cryst.ehu.es', port=443): Read timed out.
2025-09-25 22:34:11 - INFO - id=1.587Get_mirreps失败-HTTPSConnectionPool(host='www.cryst.ehu.es', port=443): Read timed out.
2025-09-25 22:34:19 - INFO - id=1.597Get_mirreps失败-HTTPSConnectionPool(host='www.cryst.ehu.es', port=443): Read timed out.
2025-09-25 22:34:29 - INFO - id=1.599Get_mirreps失败-HTTPSConnectionPool(host='www.cryst.ehu.es', port=443): Read timed out.
2025-09-25 22:34:35 - INFO - id=1.598Get_mirreps失败-HTTPSConnectionPool(host='www.cryst.ehu.es', port=443): Read timed out.
2025-09-25 22:34:50 - INFO - id=1.620Get_mirreps失败-HTTPSConnectionPool(host='www.cryst.ehu.es', port=443): Read timed out.
2025-09-25 22:35:23 - INFO - id=1.628Get_mirreps失败-HTTPSConnectionPool(host='www.cryst.ehu.es', port=443): Read timed out.
2025-09-25 22:36:28 - INFO - id=1.674Get_mirreps失败-HTTPSConnectionPool(host='www.cryst.ehu.es', port=443): Read timed out.
2025-09-25 22:36:34 - INFO - id=1.673Get_mirreps失败-HTTPSConnectionPool(host='www.cryst.ehu.es', port=443): Read timed out.
2025-09-25 22:36:39 - INFO - id=1.679Get_mirreps失败-HTTPSConnectionPool(host='www.cryst.ehu.es', port=443): Read timed out.
2025-09-25 22:36:58 - INFO - id=1.687Get_mirreps失败-HTTPSConnectionPool(host='www.cryst.ehu.es', port=443): Read timed out.
2025-09-25 22:37:26 - INFO - id=1.693Get_mirreps失败-HTTPSConnectionPool(host='www.cryst.ehu.es', port=443): Read timed out.
2025-09-25 22:37:44 - INFO - id=1.699Get_mirreps失败-HTTPSConnectionPool(host='www.cryst.ehu.es', port=443): Read timed out.
2025-09-25 22:38:12 - INFO - id=1.727Get_mirreps失败-HTTPSConnectionPool(host='www.cryst.ehu.es', port=443): Read timed out.
2025-09-25 22:38:53 - INFO - id=1.750Get_mirreps失败-HTTPSConnectionPool(host='www.cryst.ehu.es', port=443): Read timed out.
2025-09-25 22:39:02 - INFO - id=1.764Get_mirreps失败-HTTPSConnectionPool(host='www.cryst.ehu.es', port=443): Read timed out.
2025-09-25 22:39:16 - INFO - id=1.772Get_mirreps失败-HTTPSConnectionPool(host='www.cryst.ehu.es', port=443): Read timed out.
2025-09-25 22:40:07 - INFO - id=1.814Get_mirreps失败-HTTPSConnectionPool(host='www.cryst.ehu.es', port=443): Read timed out.
2025-09-25 22:40:08 - INFO - id=1.816Get_mirreps失败-HTTPSConnectionPool(host='www.cryst.ehu.es', port=443): Read timed out.
2025-09-25 22:40:21 - INFO - id=1.820Get_mirreps失败-HTTPSConnectionPool(host='www.cryst.ehu.es', port=443): Read timed out.
2025-09-25 22:40:24 - INFO - id=1.821Get_mirreps失败-HTTPSConnectionPool(host='www.cryst.ehu.es', port=443): Read timed out.
2025-09-25 22:40:26 - INFO - id=1.825Get_mirreps失败-HTTPSConnectionPool(host='www.cryst.ehu.es', port=443): Read timed out.
2025-09-25 22:40:53 - INFO - id=1.859Get_mirreps失败-list index out of range
2025-09-25 22:40:55 - INFO - id=1.858Get_mirreps失败-list index out of range
2025-09-25 22:41:09 - INFO - id=1.835Get_mirreps失败-HTTPSConnectionPool(host='www.cryst.ehu.es', port=443): Read timed out.
2025-09-25 22:41:21 - INFO - id=1.846Get_mirreps失败-HTTPSConnectionPool(host='www.cryst.ehu.es', port=443): Read timed out.
2025-09-25 22:41:27 - INFO - id=1.850Get_mirreps失败-HTTPSConnectionPool(host='www.cryst.ehu.es', port=443): Read timed out.
2025-09-25 22:42:08 - INFO - id=2.16Get_mirreps失败-HTTPSConnectionPool(host='www.cryst.ehu.es', port=443): Read timed out.
2025-09-25 22:42:27 - INFO - id=2.37Get_mirreps失败-HTTPSConnectionPool(host='www.cryst.ehu.es', port=443): Read timed out.
2025-09-25 22:43:01 - INFO - id=2.51Get_mirreps失败-HTTPSConnectionPool(host='www.cryst.ehu.es', port=443): Read timed out.
2025-09-25 22:43:26 - INFO - id=2.71Get_mirreps失败-HTTPSConnectionPool(host='www.cryst.ehu.es', port=443): Read timed out.
2025-09-25 22:43:49 - INFO - id=2.79Get_mirreps失败-HTTPSConnectionPool(host='www.cryst.ehu.es', port=443): Read timed out.
2025-09-25 22:44:03 - INFO - id=2.84Get_mirreps失败-HTTPSConnectionPool(host='www.cryst.ehu.es', port=443): Read timed out.
2025-09-25 22:44:35 - INFO - id=2.95Get_mirreps失败-HTTPSConnectionPool(host='www.cryst.ehu.es', port=443): Read timed out.
2025-09-25 22:44:38 - INFO - id=2.99Get_mirreps失败-HTTPSConnectionPool(host='www.cryst.ehu.es', port=443): Read timed out.
2025-09-25 22:44:49 - INFO - id=2.101Get_mirreps失败-HTTPSConnectionPool(host='www.cryst.ehu.es', port=443): Read timed out.
2025-09-25 22:44:59 - INFO - id=2.103Get_mirreps失败-HTTPSConnectionPool(host='www.cryst.ehu.es', port=443): Read timed out.
2025-09-25 22:44:59 - INFO - id=2.110Get_mirreps失败-list index out of range
2025-09-25 22:45:05 - INFO - id=2.104Get_mirreps失败-HTTPSConnectionPool(host='www.cryst.ehu.es', port=443): Read timed out.
2025-09-25 22:45:57 - INFO - id=3.3Get_mirreps失败-HTTPSConnectionPool(host='www.cryst.ehu.es', port=443): Read timed out.
2025-09-25 22:45:59 - INFO - id=3.16Get_mirreps失败-HTTPSConnectionPool(host='www.cryst.ehu.es', port=443): Read timed out.
2025-09-25 22:46:18 - INFO - id=3.22Get_mirreps失败-HTTPSConnectionPool(host='www.cryst.ehu.es', port=443): Read timed out.
2025-09-27 10:04:56 - INFO - id=1.1.23Get_mirreps失败-list index out of range
2025-09-27 10:04:56 - INFO - id=1.1.16Get_mirreps失败-list index out of range
2025-09-27 10:04:56 - INFO - id=1.1.18Get_mirreps失败-list index out of range
2025-09-27 10:04:57 - INFO - id=1.1.27Get_mirreps失败-list index out of range
2025-09-27 10:04:57 - INFO - id=1.1.16Get_mirreps失败-list index out of range
2025-09-27 10:04:58 - INFO - id=1.1.28Get_mirreps失败-list index out of range
2025-09-27 10:04:59 - INFO - id=1.1.29Get_mirreps失败-list index out of range
2025-09-27 10:04:59 - INFO - id=1.1.30Get_mirreps失败-list index out of range
2025-09-27 10:04:59 - INFO - id=1.1.32Get_mirreps失败-list index out of range
2025-09-27 10:05:00 - INFO - id=1.1.31Get_mirreps失败-list index out of range
2025-09-27 10:05:01 - INFO - id=1.1.33Get_mirreps失败-list index out of range
2025-09-27 10:05:01 - INFO - id=1.1.34Get_mirreps失败-list index out of range
2025-09-27 10:05:02 - INFO - id=1.1.42Get_mirreps失败-list index out of range
2025-09-27 10:05:02 - INFO - id=1.1.35Get_mirreps失败-list index out of range
2025-09-27 10:05:02 - INFO - id=1.1.35Get_mirreps失败-list index out of range
2025-09-27 10:05:03 - INFO - id=1.1.44Get_mirreps失败-list index out of range
2025-09-27 10:05:03 - INFO - id=1.1.44Get_mirreps失败-list index out of range
2025-09-27 10:05:03 - INFO - id=1.1.47Get_mirreps失败-list index out of range
2025-09-27 10:05:04 - INFO - id=1.1.48Get_mirreps失败-list index out of range
2025-09-27 10:05:05 - INFO - id=1.1.49Get_mirreps失败-list index out of range
2025-09-27 10:05:05 - INFO - id=1.1.53Get_mirreps失败-list index out of range
2025-09-27 10:05:06 - INFO - id=1.1.55Get_mirreps失败-list index out of range
2025-09-27 10:05:06 - INFO - id=1.1.54Get_mirreps失败-list index out of range
2025-09-27 10:05:07 - INFO - id=1.1.56Get_mirreps失败-list index out of range
2025-09-27 10:05:07 - INFO - id=1.1.57Get_mirreps失败-list index out of range
2025-09-27 10:05:08 - INFO - id=1.1.58Get_mirreps失败-list index out of range
2025-09-27 10:05:08 - INFO - id=1.1.60Get_mirreps失败-list index out of range
2025-09-27 10:05:09 - INFO - id=1.1.59Get_mirreps失败-list index out of range
2025-09-27 10:05:10 - INFO - id=1.1.61Get_mirreps失败-list index out of range
2025-09-27 10:05:10 - ERROR - id=1.1.62未找到目标表格，请检查HTML结构或XPath
2025-09-27 10:05:10 - INFO - id=1.1.62保存数据库失败-3
2025-09-27 10:05:10 - INFO - id=1.1.62Get_mirreps失败-list index out of range
2025-09-27 10:05:10 - ERROR - id=1.1.63未找到目标表格，请检查HTML结构或XPath
2025-09-27 10:05:10 - INFO - id=1.1.63保存数据库失败-3
2025-09-27 10:05:10 - INFO - id=1.1.63Get_mirreps失败-list index out of range
2025-09-27 10:05:11 - INFO - id=1.1.68Get_mirreps失败-list index out of range
2025-09-27 10:05:11 - INFO - id=1.1.69Get_mirreps失败-list index out of range
2025-09-27 10:05:12 - INFO - id=1.1.70Get_mirreps失败-list index out of range
2025-09-27 10:05:12 - INFO - id=1.1.74Get_mirreps失败-list index out of range
2025-09-27 10:05:12 - INFO - id=1.1.73Get_mirreps失败-list index out of range
2025-09-27 10:05:13 - INFO - id=1.1.75Get_mirreps失败-list index out of range
2025-09-27 10:05:13 - INFO - id=1.1.76Get_mirreps失败-list index out of range
2025-09-27 10:05:15 - INFO - id=1.1.91Get_mirreps失败-list index out of range
2025-09-27 10:05:15 - INFO - id=1.1.81Get_mirreps失败-list index out of range
2025-09-27 10:05:15 - INFO - id=1.1.88Get_mirreps失败-list index out of range
2025-09-27 10:05:16 - INFO - id=1.1.94Get_mirreps失败-list index out of range
2025-09-27 10:05:17 - ERROR - id=1.1.92未找到目标表格，请检查HTML结构或XPath
2025-09-27 10:05:17 - ERROR - id=1.1.92未找到目标表格，请检查HTML结构或XPath
2025-09-27 10:05:17 - INFO - id=1.1.92保存数据库失败-3
2025-09-27 10:05:17 - INFO - id=1.1.92Get_mirreps失败-list index out of range
2025-09-27 10:05:17 - INFO - id=1.1.96Get_mirreps失败-list index out of range
2025-09-27 10:05:17 - INFO - id=1.1.97Get_mirreps失败-list index out of range
2025-09-27 10:05:17 - INFO - id=1.1.102Get_mirreps失败-list index out of range
2025-09-27 10:05:18 - INFO - id=1.1.103Get_mirreps失败-list index out of range
2025-09-27 10:05:19 - INFO - id=1.1.104Get_mirreps失败-list index out of range
2025-09-27 10:05:19 - INFO - id=1.1.113Get_mirreps失败-list index out of range
2025-09-27 10:05:19 - INFO - id=1.1.117Get_mirreps失败-list index out of range
2025-09-27 10:05:19 - INFO - id=1.1.112Get_mirreps失败-list index out of range
2025-09-27 10:05:21 - INFO - id=1.1.118Get_mirreps失败-list index out of range
2025-09-27 10:05:21 - INFO - id=1.1.119Get_mirreps失败-list index out of range
2025-09-27 10:05:22 - INFO - id=1.1.123Get_mirreps失败-list index out of range
2025-09-27 10:05:22 - INFO - id=1.1.120Get_mirreps失败-list index out of range
2025-09-27 10:05:22 - INFO - id=1.1.122Get_mirreps失败-list index out of range
2025-09-27 10:05:23 - INFO - id=1.1.124Get_mirreps失败-list index out of range
2025-09-27 10:05:23 - INFO - id=1.1.125Get_mirreps失败-list index out of range
2025-09-27 10:05:24 - INFO - id=1.1.127Get_mirreps失败-list index out of range
2025-09-27 10:05:24 - INFO - id=1.1.126Get_mirreps失败-list index out of range
2025-09-27 10:05:26 - INFO - id=1.1.132Get_mirreps失败-list index out of range
2025-09-27 10:05:26 - ERROR - id=1.1.130未找到目标表格，请检查HTML结构或XPath
2025-09-27 10:05:26 - ERROR - id=1.1.130未找到目标表格，请检查HTML结构或XPath
2025-09-27 10:05:26 - INFO - id=1.1.130保存数据库失败-3
2025-09-27 10:05:26 - INFO - id=1.1.130Get_mirreps失败-list index out of range
2025-09-27 10:05:26 - INFO - id=1.1.134Get_mirreps失败-list index out of range
2025-09-27 10:05:26 - INFO - id=1.1.133Get_mirreps失败-list index out of range
2025-09-27 10:05:27 - ERROR - id=1.1.131未找到目标表格，请检查HTML结构或XPath
2025-09-27 10:05:27 - ERROR - id=1.1.131未找到目标表格，请检查HTML结构或XPath
2025-09-27 10:05:27 - INFO - id=1.1.131保存数据库失败-3
2025-09-27 10:05:27 - INFO - id=1.1.131Get_mirreps失败-list index out of range
2025-09-27 10:05:28 - INFO - id=1.1.137Get_mirreps失败-list index out of range
2025-09-27 10:05:29 - ERROR - id=1.1.135未找到目标表格，请检查HTML结构或XPath
2025-09-27 10:05:29 - INFO - id=1.1.135保存数据库失败-3
2025-09-27 10:05:29 - INFO - id=1.1.135Get_mirreps失败-list index out of range
2025-09-27 10:05:29 - INFO - id=1.1.142Get_mirreps失败-list index out of range
2025-09-27 10:05:30 - ERROR - id=1.1.141未找到目标表格，请检查HTML结构或XPath
2025-09-27 10:05:30 - ERROR - id=1.1.141未找到目标表格，请检查HTML结构或XPath
2025-09-27 10:05:30 - INFO - id=1.1.141保存数据库失败-3
2025-09-27 10:05:30 - INFO - id=1.1.141Get_mirreps失败-list index out of range
2025-09-27 10:05:30 - ERROR - id=1.1.140未找到目标表格，请检查HTML结构或XPath
2025-09-27 10:05:30 - ERROR - id=1.1.140未找到目标表格，请检查HTML结构或XPath
2025-09-27 10:05:30 - INFO - id=1.1.140保存数据库失败-3
2025-09-27 10:05:30 - INFO - id=1.1.140Get_mirreps失败-list index out of range
2025-09-27 10:05:30 - INFO - id=1.1.143Get_mirreps失败-list index out of range
2025-09-27 10:05:31 - INFO - id=1.1.143Get_mirreps失败-list index out of range
2025-09-27 10:05:32 - INFO - id=1.1.144Get_mirreps失败-list index out of range
2025-09-27 10:05:32 - ERROR - id=1.1.147未找到目标表格，请检查HTML结构或XPath
2025-09-27 10:05:32 - INFO - id=1.1.147保存数据库失败-3
2025-09-27 10:05:32 - INFO - id=1.1.147Get_mirreps失败-list index out of range
2025-09-27 10:05:33 - INFO - id=1.1.146Get_mirreps失败-list index out of range
2025-09-27 10:05:33 - INFO - id=1.1.145Get_mirreps失败-list index out of range
2025-09-27 10:05:33 - INFO - id=1.1.153Get_mirreps失败-list index out of range
2025-09-27 10:05:34 - INFO - id=1.1.154Get_mirreps失败-list index out of range
2025-09-27 10:05:35 - INFO - id=1.1.155Get_mirreps失败-list index out of range
2025-09-27 10:05:35 - ERROR - id=1.1.156未找到目标表格，请检查HTML结构或XPath
2025-09-27 10:05:35 - INFO - id=1.1.156保存数据库失败-3
2025-09-27 10:05:35 - INFO - id=1.1.156Get_mirreps失败-list index out of range
2025-09-27 10:05:36 - ERROR - id=1.1.157未找到目标表格，请检查HTML结构或XPath
2025-09-27 10:05:36 - INFO - id=1.1.157保存数据库失败-3
2025-09-27 10:05:36 - INFO - id=1.1.157Get_mirreps失败-list index out of range
2025-09-27 10:05:36 - INFO - id=1.1.159Get_mirreps失败-list index out of range
2025-09-27 10:05:36 - INFO - id=2.1.1Get_mirreps失败-list index out of range
2025-09-27 16:46:40 - ERROR - id=0.127未找到Non-magnetic atoms目标表格，请检查HTML结构或XPath
2025-09-27 16:46:40 - ERROR - id=0.226未找到Non-magnetic atoms目标表格，请检查HTML结构或XPath
2025-09-27 16:46:41 - ERROR - id=0.189未找到# Magnetic atoms目标表格，请检查HTML结构或XPath
2025-09-27 16:46:41 - ERROR - id=0.189未找到# magenticAtom1目标表格，请检查HTML结构或XPath
2025-09-27 16:46:43 - ERROR - id=0.270未找到Non-magnetic atoms目标表格，请检查HTML结构或XPath
2025-09-27 16:46:47 - ERROR - id=0.271未找到Non-magnetic atoms目标表格，请检查HTML结构或XPath
2025-09-27 16:46:47 - ERROR - id=1.7未找到Non-magnetic atoms目标表格，请检查HTML结构或XPath
2025-09-27 16:46:51 - ERROR - id=1.299未找到Non-magnetic atoms目标表格，请检查HTML结构或XPath
2025-09-27 16:46:59 - INFO - id=1.1.6Get_mirreps失败-list index out of range
2025-09-27 16:47:00 - INFO - id=1.1.7Get_mirreps失败-list index out of range
2025-09-27 16:47:00 - INFO - id=1.1.8Get_mirreps失败-list index out of range
2025-09-27 16:47:02 - INFO - id=1.1.10Get_mirreps失败-list index out of range
2025-09-27 16:47:02 - INFO - id=1.1.9Get_mirreps失败-list index out of range
2025-09-27 16:47:03 - ERROR - id=1.1.63未找到Non-magnetic atoms目标表格，请检查HTML结构或XPath
2025-09-27 16:47:03 - ERROR - id=1.1.63未找到# nonMagneticAtom1目标表格，请检查HTML结构或XPath
2025-09-27 16:47:03 - INFO - id=1.1.63Get_mirreps失败-list index out of range
2025-09-27 16:47:03 - ERROR - id=1.1.62未找到Non-magnetic atoms目标表格，请检查HTML结构或XPath
2025-09-27 16:47:03 - ERROR - id=1.1.62未找到# nonMagneticAtom1目标表格，请检查HTML结构或XPath
2025-09-27 16:47:03 - INFO - id=1.1.62Get_mirreps失败-list index out of range
2025-09-27 16:47:05 - ERROR - id=1.1.135未找到Non-magnetic atoms目标表格，请检查HTML结构或XPath
2025-09-27 16:47:05 - ERROR - id=1.1.135未找到# nonMagneticAtom1目标表格，请检查HTML结构或XPath
2025-09-27 16:47:05 - INFO - id=1.1.135Get_mirreps失败-list index out of range
2025-09-27 16:47:06 - ERROR - id=1.1.131未找到# Magnetic atoms目标表格，请检查HTML结构或XPath
2025-09-27 16:47:06 - ERROR - id=1.1.131未找到# magenticAtom1目标表格，请检查HTML结构或XPath
2025-09-27 16:47:06 - ERROR - id=1.1.131未找到Non-magnetic atoms目标表格，请检查HTML结构或XPath
2025-09-27 16:47:06 - ERROR - id=1.1.131未找到# nonMagneticAtom1目标表格，请检查HTML结构或XPath
2025-09-27 16:47:06 - INFO - id=1.1.131Get_mirreps失败-list index out of range
2025-09-27 16:47:06 - ERROR - id=1.1.92未找到# Magnetic atoms目标表格，请检查HTML结构或XPath
2025-09-27 16:47:06 - ERROR - id=1.1.92未找到# magenticAtom1目标表格，请检查HTML结构或XPath
2025-09-27 16:47:06 - ERROR - id=1.1.92未找到Non-magnetic atoms目标表格，请检查HTML结构或XPath
2025-09-27 16:47:06 - ERROR - id=1.1.92未找到# nonMagneticAtom1目标表格，请检查HTML结构或XPath
2025-09-27 16:47:06 - INFO - id=1.1.92Get_mirreps失败-list index out of range
2025-09-27 16:47:07 - ERROR - id=1.1.130未找到# Magnetic atoms目标表格，请检查HTML结构或XPath
2025-09-27 16:47:07 - ERROR - id=1.1.130未找到# magenticAtom1目标表格，请检查HTML结构或XPath
2025-09-27 16:47:07 - ERROR - id=1.1.130未找到Non-magnetic atoms目标表格，请检查HTML结构或XPath
2025-09-27 16:47:07 - ERROR - id=1.1.130未找到# nonMagneticAtom1目标表格，请检查HTML结构或XPath
2025-09-27 16:47:07 - INFO - id=1.1.130Get_mirreps失败-list index out of range
2025-09-27 16:47:09 - ERROR - id=1.1.140未找到# Magnetic atoms目标表格，请检查HTML结构或XPath
2025-09-27 16:47:09 - ERROR - id=1.1.140未找到# magenticAtom1目标表格，请检查HTML结构或XPath
2025-09-27 16:47:09 - ERROR - id=1.1.140未找到Non-magnetic atoms目标表格，请检查HTML结构或XPath
2025-09-27 16:47:09 - ERROR - id=1.1.140未找到# nonMagneticAtom1目标表格，请检查HTML结构或XPath
2025-09-27 16:47:09 - INFO - id=1.1.140Get_mirreps失败-list index out of range
2025-09-27 16:47:09 - ERROR - id=1.1.156未找到Non-magnetic atoms目标表格，请检查HTML结构或XPath
2025-09-27 16:47:09 - ERROR - id=1.1.156未找到# nonMagneticAtom1目标表格，请检查HTML结构或XPath
2025-09-27 16:47:09 - INFO - id=1.1.156Get_mirreps失败-list index out of range
2025-09-27 16:47:09 - ERROR - id=1.1.147未找到Non-magnetic atoms目标表格，请检查HTML结构或XPath
2025-09-27 16:47:09 - ERROR - id=1.1.147未找到# nonMagneticAtom1目标表格，请检查HTML结构或XPath
2025-09-27 16:47:09 - INFO - id=1.1.147Get_mirreps失败-list index out of range
2025-09-27 16:47:11 - ERROR - id=1.1.141未找到# Magnetic atoms目标表格，请检查HTML结构或XPath
2025-09-27 16:47:11 - ERROR - id=1.1.141未找到# magenticAtom1目标表格，请检查HTML结构或XPath
2025-09-27 16:47:11 - ERROR - id=1.1.141未找到Non-magnetic atoms目标表格，请检查HTML结构或XPath
2025-09-27 16:47:11 - ERROR - id=1.1.141未找到# nonMagneticAtom1目标表格，请检查HTML结构或XPath
2025-09-27 16:47:11 - INFO - id=1.1.141Get_mirreps失败-list index out of range
2025-09-27 16:47:11 - ERROR - id=1.1.157未找到Non-magnetic atoms目标表格，请检查HTML结构或XPath
2025-09-27 16:47:11 - ERROR - id=1.1.157未找到# nonMagneticAtom1目标表格，请检查HTML结构或XPath
2025-09-27 16:47:11 - INFO - id=1.1.157Get_mirreps失败-list index out of range
2025-09-27 16:54:33 - ERROR - id=0.224未找到Non-magnetic atoms目标表格，请检查HTML结构或XPath
2025-09-27 16:54:33 - ERROR - id=0.189未找到# Magnetic atoms目标表格，请检查HTML结构或XPath
2025-09-27 16:54:33 - ERROR - id=0.189未找到# magenticAtom1目标表格，请检查HTML结构或XPath
2025-09-27 16:54:33 - ERROR - id=0.228未找到Non-magnetic atoms目标表格，请检查HTML结构或XPath
2025-09-27 16:54:34 - ERROR - id=0.225未找到Non-magnetic atoms目标表格，请检查HTML结构或XPath
2025-09-27 16:54:34 - ERROR - id=0.227未找到Non-magnetic atoms目标表格，请检查HTML结构或XPath
2025-09-27 16:54:36 - ERROR - id=0.268未找到Non-magnetic atoms目标表格，请检查HTML结构或XPath
2025-09-27 16:54:39 - ERROR - id=0.403未找到Non-magnetic atoms目标表格，请检查HTML结构或XPath
2025-09-27 16:54:40 - ERROR - id=1.5未找到Non-magnetic atoms目标表格，请检查HTML结构或XPath
2025-09-27 16:54:40 - ERROR - id=1.300未找到Non-magnetic atoms目标表格，请检查HTML结构或XPath
2025-09-27 16:54:41 - ERROR - id=1.4未找到Non-magnetic atoms目标表格，请检查HTML结构或XPath
2025-09-27 17:01:12 - ERROR - id=0.409未找到Non-magnetic atoms目标表格，请检查HTML结构或XPath
2025-09-27 17:01:12 - ERROR - id=0.189未找到# Magnetic atoms目标表格，请检查HTML结构或XPath
2025-09-27 17:01:12 - ERROR - id=0.189未找到# magenticAtom1目标表格，请检查HTML结构或XPath
2025-09-27 17:01:13 - ERROR - id=0.857未找到Non-magnetic atoms目标表格，请检查HTML结构或XPath
2025-09-27 17:01:13 - ERROR - id=0.856未找到Non-magnetic atoms目标表格，请检查HTML结构或XPath
2025-09-27 17:01:13 - ERROR - id=0.269未找到Non-magnetic atoms目标表格，请检查HTML结构或XPath
2025-09-27 17:01:16 - ERROR - id=0.858未找到Non-magnetic atoms目标表格，请检查HTML结构或XPath
2025-09-27 17:20:31 - ERROR - id=0.189未找到# Magnetic atoms目标表格，请检查HTML结构或XPath
2025-09-27 17:20:31 - ERROR - id=0.189未找到# magenticAtom1目标表格，请检查HTML结构或XPath
